


#

# Fatal process out of memory: Re-embedded builtins: set permissions
#
#
# Fatal process out of memory: Re-embedded builtins: set permissions
----- Native stack trace -----
#

----- Native stack trace -----

 1: 00007FF62458D52D 
 2: 00007FF6259DC206 
 3: 00007FF62527DA56 
 1: 00007FF62458D52D 
 4: 00007FF6250E4B3E 
 5: 00007FF62511804F 
 2: 00007FF6259DC206 
 6: 00007FF625118B02 
 3: 00007FF62527DA56 
 7: 00007FF6251194E2 
 4: 00007FF6250E4B3E 
 8: 00007FF624C16C33 
 5: 00007FF62511804F 
 9: 00007FF6252A8C36 
 6: 00007FF625118B02 
10: 00007FF62474366D 
 7: 00007FF6251194E2 
11: 00007FF6244A3DA4 
 8: 00007FF624C16C33 
12: 00007FF6244A3139 
 9: 00007FF6252A8C36 
13: 00007FF6244AD020 
10: 00007FF62474366D 
14: 00007FF6252D2DE6 
11: 00007FF6244A3DA4 
15: 00007FF626514173 
12: 00007FF6244A3139 
16: 00007FFBFB2AE957 BaseThreadInitThunk+23
13: 00007FF6244AD020 
17: 00007FFBFB56427C RtlUserThreadStart+44
14: 00007FF6252D2DE6 
15: 00007FF626514173 
16: 00007FFBFB2AE957 BaseThreadInitThunk+23
17: 00007FFBFB56427C RtlUserThreadStart+44


#
# Fatal process out of memory: Re-embedded builtins: set permissions

#

----- Native stack trace -----
#

# Fatal error in , line 0
# Out of memory: HashMap::Initialize
#
#
#
#FailureMessage Object: 0000005EFE3FA3E0
----- Native stack trace -----

 1: 00007FF62458D52D 
 2: 00007FF6259DC206 
 3: 00007FF62527DA56 
 4: 00007FF6250E4B3E 
 1: 00007FF62458D52D 
 5: 00007FF62511804F 
 6: 00007FF625118B02 
 2: 00007FF6259DC79F 
 7: 00007FF6251194E2 
 3: 00007FF62527BB16 
 8: 00007FF624C16C33 
 4: 00007FF62527B202 
 9: 00007FF6252A8C36 
 5: 00007FF62527B030 
10: 00007FF62474366D 
 6: 00007FF624D0395F 
11: 00007FF6244A3DA4 
 7: 00007FF624D24586 
12: 00007FF6244A3139 
 8: 00007FF624D3AC7B 
13: 00007FF6244AD020 
 9: 00007FF624D39E4E 
14: 00007FF6252D2DE6 
10: 00007FF624D406B2 
15: 00007FF626514173 
11: 00007FF624D3D0D3 
16: 00007FFBFB2AE957 BaseThreadInitThunk+23
12: 00007FF624D3ACC8 
17: 00007FFBFB56427C RtlUserThreadStart+44
13: 00007FF624D39E4E 
14: 00007FF624D39B09 
15: 00007FF624D430B9 
16: 00007FF624D41F86 
17: 00007FF624D39576 
18: 00007FF624D3AC7B 
19: 00007FF624D39E4E 
20: 00007FF624D3F814 
21: 00007FF624D3DC9E 
22: 00007FF624D3AC7B 
23: 00007FF624D39E4E 
24: 00007FF624D34232 
25: 00007FF624D29DC5 
26: 00007FF624D3AB70 
27: 00007FF624D39E94 
28: 00007FF624D39B09 
29: 00007FF624D422D0 
30: 00007FF624D39576 
31: 00007FF624D3AC7B 
32: 00007FF624D39E4E 
33: 00007FF624D4BD22 
34: 00007FF624D2B7F5 
35: 00007FF624D343FB 
36: 00007FF624D338FA 
37: 00007FF624D26FF7 
38: 00007FF624D261C4 
39: 00007FF624D254B2 
40: 00007FF624D2515A 
41: 00007FF624D20789 
42: 00007FF6251FB46F 
43: 00007FF6251FE271 
44: 00007FF625286F33 
45: 00007FF6246561D3 
46: 00007FF62465496D 
47: 000001D19FDCF64D 


#
# Fatal process out of memory: Re-embedded builtins: set permissions
#
----- Native stack trace -----

 1: 00007FF62458D52D 
 2: 00007FF6259DC206 
 3: 00007FF62527DA56 
 4: 00007FF6250E4B3E 
 5: 00007FF62511804F 
 6: 00007FF625118B02 
 7: 00007FF6251194E2 
 8: 00007FF624C16C33 
 9: 00007FF6252A8C36 
10: 00007FF62474366D 
11: 00007FF6244A3DA4 
12: 00007FF6244A3139 
13: 00007FF6244AD020 
14: 00007FF6252D2DE6 
15: 00007FF626514173 
16: 00007FFBFB2AE957 BaseThreadInitThunk+23
17: 00007FFBFB56427C RtlUserThreadStart+44
